============================= test session starts =============================
platform win32 -- Python 3.13.5, pytest-8.4.2, pluggy-1.6.0 -- C:\Users\kmgam\Code\FantasyFootballHelperScripts\.venv\Scripts\python.exe
cachedir: .pytest_cache
rootdir: C:\Users\kmgam\Code\FantasyFootballHelperScripts
plugins: anyio-4.10.0, asyncio-1.2.0
asyncio: mode=Mode.STRICT, debug=False, asyncio_default_fixture_loop_scope=None, asyncio_default_test_loop_scope=function
collecting ... collected 852 items

draft_helper/simulation/test_simulation_config.py::TestSimulationConfig::test_all_parameters_have_two_values PASSED [  0%]
draft_helper/simulation/test_simulation_config.py::TestSimulationConfig::test_draft_order_defaults_align PASSED [  0%]
draft_helper/simulation/test_simulation_config.py::TestSimulationConfig::test_first_value_is_baseline PASSED [  0%]
draft_helper/simulation/test_simulation_config.py::TestSimulationConfig::test_matchup_multipliers_cover_all_ranges PASSED [  0%]
draft_helper/simulation/test_simulation_config.py::TestSimulationConfig::test_no_deprecated_parameters PASSED [  0%]
draft_helper/simulation/test_simulation_config.py::TestSimulationConfig::test_parameter_naming_matches_constants PASSED [  0%]
draft_helper/simulation/test_simulation_config.py::TestSimulationConfig::test_parameter_value_ranges_reasonable PASSED [  0%]
draft_helper/simulation/test_simulation_config.py::TestSimulationConfig::test_required_parameters_present PASSED [  0%]
draft_helper/simulation/test_simulation_config.py::TestSimulationConfig::test_second_value_more_aggressive PASSED [  1%]
draft_helper/simulation/test_simulation_config.py::TestSimulationConfig::test_simulation_config_validation_passes PASSED [  1%]
draft_helper/simulation/test_simulation_config.py::TestParameterCombinations::test_can_generate_parameter_combinations PASSED [  1%]
draft_helper/simulation/test_simulation_config.py::TestParameterCombinations::test_sample_combination_has_all_parameters PASSED [  1%]
draft_helper/tests/test_FantasyTeam.py::TestFantasyTeam::test_team_initialization PASSED [  1%]
draft_helper/tests/test_FantasyTeam.py::TestFantasyTeam::test_basic_player_drafting PASSED [  1%]
draft_helper/tests/test_FantasyTeam.py::TestFantasyTeam::test_flex_position_assignment PASSED [  1%]
draft_helper/tests/test_FantasyTeam.py::TestFantasyTeam::test_flex_position_limits PASSED [  1%]
draft_helper/tests/test_FantasyTeam.py::TestFantasyTeam::test_phase1_roster_integrity_validation PASSED [  1%]
draft_helper/tests/test_FantasyTeam.py::TestFantasyTeam::test_phase2_explicit_slot_tracking PASSED [  2%]
draft_helper/tests/test_FantasyTeam.py::TestFantasyTeam::test_player_removal_with_slot_tracking PASSED [  2%]
draft_helper/tests/test_FantasyTeam.py::TestFantasyTeam::test_player_replacement_with_slot_tracking PASSED [  2%]
draft_helper/tests/test_FantasyTeam.py::TestFantasyTeam::test_phase3_flex_optimization PASSED [  2%]
draft_helper/tests/test_FantasyTeam.py::TestFantasyTeam::test_get_weakest_player_by_position PASSED [  2%]
draft_helper/tests/test_FantasyTeam.py::TestFantasyTeam::test_can_replace_player_logic PASSED [  2%]
draft_helper/tests/test_FantasyTeam.py::TestFantasyTeam::test_total_team_score_calculation PASSED [  2%]
draft_helper/tests/test_FantasyTeam.py::TestFantasyTeam::test_roster_construction_limits PASSED [  2%]
draft_helper/tests/test_FantasyTeam.py::TestFantasyTeam::test_edge_case_empty_operations PASSED [  3%]
draft_helper/tests/test_FantasyTeam.py::TestFantasyTeam::test_mixed_flex_scenarios PASSED [  3%]
draft_helper/tests/test_draft_helper.py::TestDraftHelper::test_configuration_validation PASSED [  3%]
draft_helper/tests/test_draft_helper.py::TestDraftHelper::test_draft_mode_vs_trade_mode PASSED [  3%]
draft_helper/tests/test_draft_helper.py::TestDraftHelper::test_scoring_weights_configuration PASSED [  3%]
draft_helper/tests/test_draft_helper.py::TestDraftHelper::test_injury_penalty_calculation PASSED [  3%]
draft_helper/tests/test_draft_helper.py::TestDraftHelper::test_injury_penalty_roster_toggle FAILED [  3%]
draft_helper/tests/test_draft_helper.py::TestDraftHelper::test_bye_week_penalty_calculation PASSED [  3%]
draft_helper/tests/test_draft_helper.py::TestDraftHelper::test_positional_need_scoring PASSED [  3%]
draft_helper/tests/test_draft_helper.py::TestDraftHelper::test_player_total_score_calculation PASSED [  4%]
draft_helper/tests/test_draft_helper.py::TestDraftHelper::test_draft_recommendations PASSED [  4%]
draft_helper/tests/test_draft_helper.py::TestDraftHelper::test_trade_recommendations PASSED [  4%]
draft_helper/tests/test_draft_helper.py::TestDraftHelper::test_ideal_draft_position_by_round PASSED [  4%]
draft_helper/tests/test_draft_helper.py::TestDraftHelper::test_flex_position_handling PASSED [  4%]
draft_helper/tests/test_draft_helper.py::TestDraftHelper::test_error_handling_with_invalid_data PASSED [  4%]
draft_helper/tests/test_draft_helper.py::TestDraftHelper::test_trade_improvement_calculation PASSED [  4%]
draft_helper/tests/test_draft_helper.py::TestDraftHelper::test_runner_up_trade_suggestions PASSED [  4%]
draft_helper/tests/test_draft_helper.py::TestDraftHelper::test_bye_week_data_integration PASSED [  5%]
draft_helper/tests/test_draft_helper.py::TestDraftHelper::test_scoring_format_consistency PASSED [  5%]
draft_helper/tests/test_draft_helper.py::TestDraftHelper::test_interactive_menu_display_roster_by_draft_order PASSED [  5%]
draft_helper/tests/test_draft_helper.py::TestDraftHelper::test_interactive_menu_show_main_menu_validation PASSED [  5%]
draft_helper/tests/test_draft_helper.py::TestDraftHelper::test_interactive_search_and_mark_player_logic PASSED [  5%]
draft_helper/tests/test_draft_helper.py::TestDraftHelper::test_interactive_add_to_roster_mode_logic PASSED [  5%]
draft_helper/tests/test_draft_helper.py::TestDraftHelper::test_interactive_menu_integration_with_existing_logic PASSED [  5%]
draft_helper/tests/test_draft_helper.py::TestDraftHelper::test_interactive_player_search_fuzzy_matching PASSED [  5%]
draft_helper/tests/test_draft_helper.py::TestDraftHelper::test_interactive_roster_state_management PASSED [  5%]
draft_helper/tests/test_draft_helper.py::TestDraftHelper::test_interactive_trade_analysis_mode PASSED [  6%]
draft_helper/tests/test_draft_helper.py::TestDraftHelper::test_interactive_menu_structure_complete PASSED [  6%]
draft_helper/tests/test_draft_helper.py::TestDraftHelper::test_drop_player_mode_functionality PASSED [  6%]
draft_helper/tests/test_draft_helper.py::TestDraftHelper::test_lock_unlock_player_mode_functionality PASSED [  6%]
draft_helper/tests/test_draft_helper.py::TestDraftHelper::test_new_menu_options_integration PASSED [  6%]
draft_helper/tests/test_draft_helper.py::TestDraftHelper::test_player_status_management PASSED [  6%]
draft_helper/tests/test_draft_helper.py::TestDraftHelper::test_display_roster_by_draft_rounds PASSED [  6%]
draft_helper/tests/test_draft_helper.py::TestDraftHelper::test_round_assignment_optimization PASSED [  6%]
draft_helper/tests/test_draft_helper.py::TestDraftHelper::test_roster_display_integration_with_add_to_roster_mode PASSED [  7%]
draft_helper/tests/test_draft_helper.py::TestDraftHelper::test_draft_order_configuration_usage PASSED [  7%]
draft_helper/tests/test_draft_order_calculator.py::TestDraftOrderCalculator::test_current_round_empty_roster PASSED [  7%]
draft_helper/tests/test_draft_order_calculator.py::TestDraftOrderCalculator::test_current_round_partial_roster PASSED [  7%]
draft_helper/tests/test_draft_order_calculator.py::TestDraftOrderCalculator::test_current_round_full_roster PASSED [  7%]
draft_helper/tests/test_draft_order_calculator.py::TestDraftOrderCalculator::test_get_round_priorities_round_1 PASSED [  7%]
draft_helper/tests/test_draft_order_calculator.py::TestDraftOrderCalculator::test_get_round_priorities_round_5 PASSED [  7%]
draft_helper/tests/test_draft_order_calculator.py::TestDraftOrderCalculator::test_get_round_priorities_invalid_round PASSED [  7%]
draft_helper/tests/test_draft_order_calculator.py::TestDraftOrderCalculator::test_bonus_round_1_rb_player PASSED [  7%]
draft_helper/tests/test_draft_order_calculator.py::TestDraftOrderCalculator::test_bonus_round_1_wr_player PASSED [  8%]
draft_helper/tests/test_draft_order_calculator.py::TestDraftOrderCalculator::test_bonus_round_1_qb_player PASSED [  8%]
draft_helper/tests/test_draft_order_calculator.py::TestDraftOrderCalculator::test_bonus_round_1_te_player PASSED [  8%]
draft_helper/tests/test_draft_order_calculator.py::TestDraftOrderCalculator::test_bonus_round_5_qb_player PASSED [  8%]
draft_helper/tests/test_draft_order_calculator.py::TestDraftOrderCalculator::test_bonus_round_5_rb_player PASSED [  8%]
draft_helper/tests/test_draft_order_calculator.py::TestDraftOrderCalculator::test_bonus_round_5_te_player PASSED [  8%]
draft_helper/tests/test_draft_order_calculator.py::TestDraftOrderCalculator::test_bonus_draft_complete PASSED [  8%]
draft_helper/tests/test_draft_order_calculator.py::TestDraftOrderCalculator::test_assign_players_to_rounds_basic PASSED [  8%]
draft_helper/tests/test_draft_order_calculator.py::TestDraftOrderCalculator::test_assign_players_handles_all_positions PASSED [  9%]
draft_helper/tests/test_draft_order_calculator.py::TestDraftOrderCalculator::test_validate_roster_composition_valid PASSED [  9%]
draft_helper/tests/test_draft_order_calculator.py::TestDraftOrderCalculator::test_get_bonus_info_with_bonus PASSED [  9%]
draft_helper/tests/test_draft_order_calculator.py::TestDraftOrderCalculator::test_get_bonus_info_draft_complete PASSED [  9%]
draft_helper/tests/test_draft_order_calculator.py::TestDraftOrderCalculator::test_flex_eligibility_rb PASSED [  9%]
draft_helper/tests/test_draft_order_calculator.py::TestDraftOrderCalculator::test_flex_eligibility_wr PASSED [  9%]
draft_helper/tests/test_draft_order_calculator.py::TestDraftOrderCalculator::test_flex_not_eligible_qb PASSED [  9%]
draft_helper/tests/test_draft_order_calculator.py::TestDraftOrderCalculator::test_flex_not_eligible_te PASSED [  9%]
draft_helper/tests/test_draft_starter_integration.py::TestDraftStarterIntegration::test_bench_recommendation_integration PASSED [  9%]
draft_helper/tests/test_draft_starter_integration.py::TestDraftStarterIntegration::test_draft_helper_optimal_lineup_simulation PASSED [ 10%]
draft_helper/tests/test_draft_starter_integration.py::TestDraftStarterIntegration::test_draft_helper_roster_to_starter_helper_format SKIPPED [ 10%]
draft_helper/tests/test_draft_starter_integration.py::TestDraftStarterIntegration::test_error_handling_integration PASSED [ 10%]
draft_helper/tests/test_draft_starter_integration.py::TestDraftStarterIntegration::test_locked_player_integration PASSED [ 10%]
draft_helper/tests/test_draft_starter_integration.py::TestDraftStarterIntegration::test_performance_integration PASSED [ 10%]
draft_helper/tests/test_draft_starter_integration.py::TestDraftStarterIntegration::test_roster_position_distribution_validation PASSED [ 10%]
draft_helper/tests/test_draft_starter_integration.py::TestDraftStarterIntegration::test_weekly_projection_integration PASSED [ 10%]
draft_helper/tests/test_menu_system.py::TestMenuSystem::test_display_bench_alternatives_empty PASSED [ 10%]
draft_helper/tests/test_menu_system.py::TestMenuSystem::test_display_bench_alternatives_with_players PASSED [ 11%]
draft_helper/tests/test_menu_system.py::TestMenuSystem::test_display_roster_by_draft_order_empty PASSED [ 11%]
draft_helper/tests/test_menu_system.py::TestMenuSystem::test_display_roster_by_draft_order_with_players PASSED [ 11%]
draft_helper/tests/test_menu_system.py::TestMenuSystem::test_display_roster_by_draft_rounds_with_draft_helper PASSED [ 11%]
draft_helper/tests/test_menu_system.py::TestMenuSystem::test_display_roster_by_draft_rounds_without_draft_helper PASSED [ 11%]
draft_helper/tests/test_menu_system.py::TestMenuSystem::test_display_starter_lineup_empty PASSED [ 11%]
draft_helper/tests/test_menu_system.py::TestMenuSystem::test_display_starter_lineup_no_reason PASSED [ 11%]
draft_helper/tests/test_menu_system.py::TestMenuSystem::test_display_starter_lineup_with_lineup PASSED [ 11%]
draft_helper/tests/test_menu_system.py::TestMenuSystem::test_menu_system_initialization_basic PASSED [ 11%]
draft_helper/tests/test_menu_system.py::TestMenuSystem::test_menu_system_initialization_with_starter_helper PASSED [ 12%]
draft_helper/tests/test_menu_system.py::TestMenuSystem::test_show_main_menu_invalid_input PASSED [ 12%]
draft_helper/tests/test_menu_system.py::TestMenuSystem::test_show_main_menu_out_of_range_input PASSED [ 12%]
draft_helper/tests/test_menu_system.py::TestMenuSystem::test_show_main_menu_roster_count PASSED [ 12%]
draft_helper/tests/test_menu_system.py::TestMenuSystem::test_show_main_menu_with_starter_helper PASSED [ 12%]
draft_helper/tests/test_menu_system.py::TestMenuSystem::test_show_main_menu_without_starter_helper PASSED [ 12%]
draft_helper/tests/test_menu_system.py::TestMenuSystemEdgeCases::test_display_roster_missing_attributes PASSED [ 12%]
draft_helper/tests/test_menu_system.py::TestMenuSystemEdgeCases::test_display_starter_lineup_missing_attributes PASSED [ 12%]
draft_helper/tests/test_menu_system.py::TestMenuSystemIntegration::test_integration_with_real_players PASSED [ 13%]
draft_helper/tests/test_normalization_calculator.py::TestNormalizationCalculator::test_normalize_basic_scale_100 PASSED [ 13%]
draft_helper/tests/test_normalization_calculator.py::TestNormalizationCalculator::test_normalize_best_player_scale_100 PASSED [ 13%]
draft_helper/tests/test_normalization_calculator.py::TestNormalizationCalculator::test_normalize_worst_player_scale_100 PASSED [ 13%]
draft_helper/tests/test_normalization_calculator.py::TestNormalizationCalculator::test_normalize_scale_80 PASSED [ 13%]
draft_helper/tests/test_normalization_calculator.py::TestNormalizationCalculator::test_normalize_scale_120 PASSED [ 13%]
draft_helper/tests/test_normalization_calculator.py::TestNormalizationCalculator::test_normalize_scale_variations PASSED [ 13%]
draft_helper/tests/test_normalization_calculator.py::TestNormalizationCalculator::test_normalize_zero_max_points PASSED [ 13%]
draft_helper/tests/test_normalization_calculator.py::TestNormalizationCalculator::test_normalize_negative_max_points PASSED [ 13%]
draft_helper/tests/test_normalization_calculator.py::TestNormalizationCalculator::test_normalize_negative_player_points PASSED [ 14%]
draft_helper/tests/test_normalization_calculator.py::TestNormalizationCalculator::test_normalize_player_exceeds_max PASSED [ 14%]
draft_helper/tests/test_normalization_calculator.py::TestNormalizationCalculator::test_calculate_max_no_available_players PASSED [ 14%]
draft_helper/tests/test_normalization_calculator.py::TestNormalizationCalculator::test_calculate_max_empty_player_list PASSED [ 14%]
draft_helper/tests/test_normalization_calculator.py::TestNormalizationCalculator::test_calculate_max_player_points_from_pool PASSED [ 14%]
draft_helper/tests/test_normalization_calculator.py::TestNormalizationCalculator::test_calculate_max_ignores_drafted_players PASSED [ 14%]
draft_helper/tests/test_normalization_calculator.py::TestNormalizationCalculator::test_normalize_player_convenience_method PASSED [ 14%]
draft_helper/tests/test_normalization_calculator.py::TestNormalizationCalculator::test_normalize_multiple_players_from_pool PASSED [ 14%]
draft_helper/tests/test_normalization_calculator.py::TestNormalizationCalculator::test_cache_invalidation PASSED [ 15%]
draft_helper/tests/test_normalization_calculator.py::TestNormalizationCalculator::test_cache_reuses_max_value PASSED [ 15%]
draft_helper/tests/test_normalization_calculator.py::TestNormalizationCalculator::test_cache_updates_after_invalidation PASSED [ 15%]
draft_helper/tests/test_normalization_calculator.py::TestNormalizationCalculator::test_fallback_to_fantasy_points PASSED [ 15%]
draft_helper/tests/test_normalization_calculator.py::TestNormalizationCalculator::test_get_normalization_info PASSED [ 15%]
draft_helper/tests/test_normalization_calculator.py::TestNormalizationCalculator::test_normalization_formula_exact PASSED [ 15%]
draft_helper/tests/test_roster_calculator.py::TestRosterCalculator::test_calculate_position_scores_empty_roster PASSED [ 15%]
draft_helper/tests/test_roster_calculator.py::TestRosterCalculator::test_calculate_position_scores_multiple_same_position PASSED [ 15%]
draft_helper/tests/test_roster_calculator.py::TestRosterCalculator::test_calculate_position_scores_unknown_position PASSED [ 15%]
draft_helper/tests/test_roster_calculator.py::TestRosterCalculator::test_calculate_position_scores_with_players PASSED [ 16%]
draft_helper/tests/test_roster_calculator.py::TestRosterCalculator::test_calculate_total_score PASSED [ 16%]
draft_helper/tests/test_roster_calculator.py::TestRosterCalculator::test_calculator_initialization PASSED [ 16%]
draft_helper/tests/test_roster_calculator.py::TestRosterCalculator::test_calculator_initialization_without_logger PASSED [ 16%]
draft_helper/tests/test_roster_calculator.py::TestRosterCalculator::test_compare_scores PASSED [ 16%]
draft_helper/tests/test_roster_calculator.py::TestRosterCalculator::test_compare_scores_negative_difference PASSED [ 16%]
draft_helper/tests/test_roster_calculator.py::TestRosterCalculator::test_display_numbered_roster_empty PASSED [ 16%]
draft_helper/tests/test_roster_calculator.py::TestRosterCalculator::test_display_numbered_roster_missing_attributes PASSED [ 16%]
draft_helper/tests/test_roster_calculator.py::TestRosterCalculator::test_display_numbered_roster_with_players PASSED [ 17%]
draft_helper/tests/test_roster_calculator.py::TestRosterCalculator::test_display_roster_summary_empty_roster PASSED [ 17%]
draft_helper/tests/test_roster_calculator.py::TestRosterCalculator::test_display_roster_summary_with_players PASSED [ 17%]
draft_helper/tests/test_roster_calculator.py::TestRosterCalculator::test_display_score_breakdown PASSED [ 17%]
draft_helper/tests/test_roster_calculator.py::TestRosterCalculator::test_display_score_breakdown_default_title PASSED [ 17%]
draft_helper/tests/test_roster_calculator.py::TestRosterCalculator::test_get_roster_state_snapshot PASSED [ 17%]
draft_helper/tests/test_roster_calculator.py::TestRosterCalculator::test_get_roster_state_snapshot_empty_roster PASSED [ 17%]
draft_helper/tests/test_roster_calculator.py::TestRosterCalculator::test_restore_roster_state PASSED [ 17%]
draft_helper/tests/test_roster_calculator.py::TestRosterCalculator::test_restore_roster_state_missing_player_id PASSED [ 17%]
draft_helper/tests/test_roster_calculator.py::TestRosterCalculator::test_restore_roster_state_with_drafted_states PASSED [ 18%]
draft_helper/tests/test_roster_calculator.py::TestRosterCalculatorIntegration::test_integration_with_real_team PASSED [ 18%]
draft_helper/tests/test_roster_calculator.py::TestRosterCalculatorErrorHandling::test_scoring_function_exception_handling PASSED [ 18%]
draft_helper/tests/test_roster_calculator.py::TestRosterCalculatorErrorHandling::test_team_method_exception_handling PASSED [ 18%]
draft_helper/tests/test_team_data_loader.py::TestTeamDataLoader::test_edge_case_empty_teams_file PASSED [ 18%]
draft_helper/tests/test_team_data_loader.py::TestTeamDataLoader::test_edge_case_malformed_csv_data PASSED [ 18%]
draft_helper/tests/test_team_data_loader.py::TestTeamDataLoader::test_get_available_teams PASSED [ 18%]
draft_helper/tests/test_team_data_loader.py::TestTeamDataLoader::test_get_available_teams_empty PASSED [ 18%]
draft_helper/tests/test_team_data_loader.py::TestTeamDataLoader::test_get_team_data_not_found PASSED [ 19%]
draft_helper/tests/test_team_data_loader.py::TestTeamDataLoader::test_get_team_data_success PASSED [ 19%]
draft_helper/tests/test_team_data_loader.py::TestTeamDataLoader::test_get_team_defensive_rank_not_found PASSED [ 19%]
draft_helper/tests/test_team_data_loader.py::TestTeamDataLoader::test_get_team_defensive_rank_success PASSED [ 19%]
draft_helper/tests/test_team_data_loader.py::TestTeamDataLoader::test_get_team_offensive_rank_not_found PASSED [ 19%]
draft_helper/tests/test_team_data_loader.py::TestTeamDataLoader::test_get_team_offensive_rank_success PASSED [ 19%]
draft_helper/tests/test_team_data_loader.py::TestTeamDataLoader::test_get_team_opponent_not_found PASSED [ 19%]
draft_helper/tests/test_team_data_loader.py::TestTeamDataLoader::test_get_team_opponent_success PASSED [ 19%]
draft_helper/tests/test_team_data_loader.py::TestTeamDataLoader::test_initialization_with_custom_file_path PASSED [ 19%]
draft_helper/tests/test_team_data_loader.py::TestTeamDataLoader::test_initialization_with_default_path PASSED [ 20%]
draft_helper/tests/test_team_data_loader.py::TestTeamDataLoader::test_is_team_data_available_false PASSED [ 20%]
draft_helper/tests/test_team_data_loader.py::TestTeamDataLoader::test_is_team_data_available_true PASSED [ 20%]
draft_helper/tests/test_team_data_loader.py::TestTeamDataLoader::test_load_team_data_file_not_found PASSED [ 20%]
draft_helper/tests/test_team_data_loader.py::TestTeamDataLoader::test_load_team_data_success PASSED [ 20%]
draft_helper/tests/test_team_data_loader.py::TestTeamDataLoader::test_load_team_data_with_exception PASSED [ 20%]
draft_helper/tests/test_team_data_loader.py::TestTeamDataLoader::test_logging_behavior PASSED [ 20%]
draft_helper/tests/test_team_data_loader.py::TestTeamDataLoader::test_reload_team_data PASSED [ 20%]
draft_helper/tests/test_team_data_loader.py::TestTeamDataLoader::test_reload_team_data_with_updated_file PASSED [ 21%]
draft_helper/tests/test_trade_simulator.py::TestTradeSimulator::test_calculate_original_position_scores PASSED [ 21%]
draft_helper/tests/test_trade_simulator.py::TestTradeSimulator::test_calculate_original_score PASSED [ 21%]
draft_helper/tests/test_trade_simulator.py::TestTradeSimulator::test_execute_simulated_trade_failure PASSED [ 21%]
draft_helper/tests/test_trade_simulator.py::TestTradeSimulator::test_execute_simulated_trade_success PASSED [ 21%]
draft_helper/tests/test_trade_simulator.py::TestTradeSimulator::test_menu_options_validation PASSED [ 21%]
draft_helper/tests/test_trade_simulator.py::TestTradeSimulator::test_player_search_integration PASSED [ 21%]
draft_helper/tests/test_trade_simulator.py::TestTradeSimulator::test_reset_to_original_no_trades PASSED [ 21%]
draft_helper/tests/test_trade_simulator.py::TestTradeSimulator::test_reset_to_original_with_trades PASSED [ 21%]
draft_helper/tests/test_trade_simulator.py::TestTradeSimulator::test_restore_original_state PASSED [ 22%]
draft_helper/tests/test_trade_simulator.py::TestTradeSimulator::test_roster_calculator_integration PASSED [ 22%]
draft_helper/tests/test_trade_simulator.py::TestTradeSimulator::test_run_trade_simulator_empty_roster PASSED [ 22%]
draft_helper/tests/test_trade_simulator.py::TestTradeSimulator::test_search_for_replacement_player_integration PASSED [ 22%]
draft_helper/tests/test_trade_simulator.py::TestTradeSimulator::test_show_simulator_menu PASSED [ 22%]
draft_helper/tests/test_trade_simulator.py::TestTradeSimulator::test_state_management_consistency PASSED [ 22%]
draft_helper/tests/test_trade_simulator.py::TestTradeSimulator::test_trade_simulator_initialization PASSED [ 22%]
draft_helper/tests/test_trade_simulator.py::TestTradeSimulator::test_undo_last_trade_no_trades PASSED [ 22%]
draft_helper/tests/test_trade_simulator.py::TestTradeSimulator::test_undo_last_trade_success PASSED [ 23%]
draft_helper/tests/test_trade_simulator.py::TestTradeSimulator::test_validate_trade_compatibility_different_position PASSED [ 23%]
draft_helper/tests/test_trade_simulator.py::TestTradeSimulator::test_validate_trade_compatibility_same_position PASSED [ 23%]
draft_helper/tests/test_trade_simulator.py::TestTradeSimulatorError::test_trade_simulator_with_invalid_players PASSED [ 23%]
draft_helper/tests/test_trade_simulator.py::TestTradeSimulatorError::test_trade_simulator_with_invalid_team PASSED [ 23%]
nfl-scores-fetcher/tests/test_nfl_api_client.py::TestNFLAPIClient::test_client_initialization PASSED [ 23%]
nfl-scores-fetcher/tests/test_nfl_api_client.py::TestNFLAPIClient::test_session_management PASSED [ 23%]
nfl-scores-fetcher/tests/test_nfl_api_client.py::TestNFLAPIClient::test_get_completed_games_recent_success PASSED [ 23%]
nfl-scores-fetcher/tests/test_nfl_api_client.py::TestNFLAPIClient::test_get_completed_games_recent_api_failure PASSED [ 23%]
nfl-scores-fetcher/tests/test_nfl_api_client.py::TestNFLAPIClient::test_make_request_success PASSED [ 24%]
nfl-scores-fetcher/tests/test_nfl_api_client.py::TestNFLAPIClient::test_make_request_http_error PASSED [ 24%]
nfl-scores-fetcher/tests/test_nfl_api_client.py::TestNFLAPIClient::test_parse_game_event_complete_game PASSED [ 24%]
nfl-scores-fetcher/tests/test_nfl_api_client.py::TestNFLAPIClient::test_parse_game_event_missing_scores PASSED [ 24%]
nfl-scores-fetcher/tests/test_nfl_api_client.py::TestNFLAPIClient::test_parse_game_event_malformed_event PASSED [ 24%]
nfl-scores-fetcher/tests/test_nfl_api_client.py::TestNFLAPIClient::test_parse_game_event_overtime_game PASSED [ 24%]
nfl-scores-fetcher/tests/test_nfl_api_client.py::TestNFLAPIClient::test_game_score_computed_properties PASSED [ 24%]
nfl-scores-fetcher/tests/test_nfl_api_client.py::TestNFLAPIClient::test_config_validation PASSED [ 24%]
nfl-scores-fetcher/tests/test_nfl_api_client.py::TestNFLAPIClient::test_date_filtering PASSED [ 25%]
nfl-scores-fetcher/tests/test_nfl_api_client.py::TestNFLAPIClient::test_concurrent_requests_safety PASSED [ 25%]
nfl-scores-fetcher/tests/test_nfl_api_client.py::TestNFLAPIClient::test_network_timeout_handling PASSED [ 25%]
nfl-scores-fetcher/tests/test_nfl_api_client.py::TestNFLAPIClient::test_game_data_completeness_validation PASSED [ 25%]
nfl-scores-fetcher/tests/test_nfl_api_client.py::TestNFLAPIClient::test_error_recovery_and_logging PASSED [ 25%]
nfl-scores-fetcher/tests/test_nfl_scores_fetcher.py::TestNFLScoresFetcher::test_config_initialization PASSED [ 25%]
nfl-scores-fetcher/tests/test_nfl_scores_fetcher.py::TestNFLScoresFetcher::test_fetch_and_export_scores_success PASSED [ 25%]
nfl-scores-fetcher/tests/test_nfl_scores_fetcher.py::TestNFLScoresFetcher::test_fetch_and_export_scores_api_failure PASSED [ 25%]
nfl-scores-fetcher/tests/test_nfl_scores_fetcher.py::TestNFLScoresFetcher::test_fetch_and_export_scores_export_failure PASSED [ 25%]
nfl-scores-fetcher/tests/test_nfl_scores_fetcher.py::TestNFLScoresFetcher::test_main_function_integration PASSED [ 26%]
nfl-scores-fetcher/tests/test_nfl_scores_fetcher.py::TestNFLScoresFetcher::test_main_function_error_handling PASSED [ 26%]
nfl-scores-fetcher/tests/test_nfl_scores_fetcher.py::TestNFLScoresFetcher::test_concurrent_export_operations PASSED [ 26%]
nfl-scores-fetcher/tests/test_nfl_scores_fetcher.py::TestNFLScoresFetcher::test_data_filtering_logic PASSED [ 26%]
nfl-scores-fetcher/tests/test_nfl_scores_fetcher.py::TestNFLScoresFetcher::test_filename_generation PASSED [ 26%]
nfl-scores-fetcher/tests/test_nfl_scores_fetcher.py::TestNFLScoresFetcher::test_memory_efficiency_large_dataset PASSED [ 26%]
nfl-scores-fetcher/tests/test_nfl_scores_fetcher.py::TestNFLScoresFetcher::test_configuration_edge_cases PASSED [ 26%]
nfl-scores-fetcher/tests/test_nfl_scores_fetcher.py::TestNFLScoresFetcher::test_client_cleanup_on_error PASSED [ 26%]
nfl-scores-fetcher/tests/test_nfl_scores_fetcher.py::TestNFLScoresFetcher::test_export_result_aggregation PASSED [ 26%]
nfl-scores-fetcher/tests/test_scores_exporter.py::TestScoresExporter::test_export_csv_success PASSED [ 27%]
nfl-scores-fetcher/tests/test_scores_exporter.py::TestScoresExporter::test_export_csv_error_handling PASSED [ 27%]
nfl-scores-fetcher/tests/test_scores_exporter.py::TestScoresExporter::test_export_excel_success PASSED [ 27%]
nfl-scores-fetcher/tests/test_scores_exporter.py::TestScoresExporter::test_export_excel_error_handling PASSED [ 27%]
nfl-scores-fetcher/tests/test_scores_exporter.py::TestScoresExporter::test_export_json_success PASSED [ 27%]
nfl-scores-fetcher/tests/test_scores_exporter.py::TestScoresExporter::test_export_json_error_handling PASSED [ 27%]
nfl-scores-fetcher/tests/test_scores_exporter.py::TestScoresExporter::test_concurrent_multi_format_export PASSED [ 27%]
nfl-scores-fetcher/tests/test_scores_exporter.py::TestScoresExporter::test_directory_creation PASSED [ 27%]
nfl-scores-fetcher/tests/test_scores_exporter.py::TestScoresExporter::test_empty_games_export PASSED [ 28%]
nfl-scores-fetcher/tests/test_scores_exporter.py::TestScoresExporter::test_special_characters_in_data PASSED [ 28%]
nfl-scores-fetcher/tests/test_scores_exporter.py::TestScoresExporter::test_large_dataset_export PASSED [ 28%]
nfl-scores-fetcher/tests/test_scores_exporter.py::TestScoresExporter::test_timestamp_filename_generation PASSED [ 28%]
nfl-scores-fetcher/tests/test_scores_exporter.py::TestScoresExporter::test_data_validation_and_formatting PASSED [ 28%]
nfl-scores-fetcher/tests/test_scores_exporter.py::TestScoresExporter::test_file_permission_error_handling PASSED [ 28%]
nfl-scores-fetcher/tests/test_scores_exporter.py::TestScoresExporter::test_disk_space_error_handling PASSED [ 28%]
nfl-scores-fetcher/tests/test_scores_exporter.py::TestScoresExporter::test_csv_header_consistency PASSED [ 28%]
nfl-scores-fetcher/tests/test_scores_exporter.py::TestScoresExporter::test_json_structure_consistency PASSED [ 28%]
player-data-fetcher/tests/test_data_exporter.py::TestDataExporter::test_export_csv_success PASSED [ 29%]
player-data-fetcher/tests/test_data_exporter.py::TestDataExporter::test_export_csv_error_handling PASSED [ 29%]
player-data-fetcher/tests/test_data_exporter.py::TestDataExporter::test_export_excel_success PASSED [ 29%]
player-data-fetcher/tests/test_data_exporter.py::TestDataExporter::test_export_excel_error_handling PASSED [ 29%]
player-data-fetcher/tests/test_data_exporter.py::TestDataExporter::test_export_json_success PASSED [ 29%]
player-data-fetcher/tests/test_data_exporter.py::TestDataExporter::test_export_json_error_handling PASSED [ 29%]
player-data-fetcher/tests/test_data_exporter.py::TestDataExporter::test_export_to_shared_files_success PASSED [ 29%]
player-data-fetcher/tests/test_data_exporter.py::TestDataExporter::test_export_to_shared_files_error_handling PASSED [ 29%]
player-data-fetcher/tests/test_data_exporter.py::TestDataExporter::test_concurrent_export_all_formats PASSED [ 30%]
player-data-fetcher/tests/test_data_exporter.py::TestDataExporter::test_directory_creation PASSED [ 30%]
player-data-fetcher/tests/test_data_exporter.py::TestDataExporter::test_empty_data_export PASSED [ 30%]
player-data-fetcher/tests/test_data_exporter.py::TestDataExporter::test_special_characters_in_data PASSED [ 30%]
player-data-fetcher/tests/test_data_exporter.py::TestDataExporter::test_large_dataset_export PASSED [ 30%]
player-data-fetcher/tests/test_data_exporter.py::TestDataExporter::test_data_validation_helpers PASSED [ 30%]
player-data-fetcher/tests/test_data_fetcher_players.py::TestSettings::test_settings_initialization PASSED [ 30%]
player-data-fetcher/tests/test_data_fetcher_players.py::TestSettings::test_settings_week_range_calculation PASSED [ 30%]
player-data-fetcher/tests/test_data_fetcher_players.py::TestSettings::test_settings_validation PASSED [ 30%]
player-data-fetcher/tests/test_data_fetcher_players.py::TestDataFetcherMain::test_load_existing_players_success PASSED [ 31%]
player-data-fetcher/tests/test_data_fetcher_players.py::TestDataFetcherMain::test_load_existing_players_missing_file PASSED [ 31%]
player-data-fetcher/tests/test_data_fetcher_players.py::TestDataFetcherMain::test_fetch_and_update_players_with_skip_drafted PASSED [ 31%]
player-data-fetcher/tests/test_data_fetcher_players.py::TestDataFetcherMain::test_fetch_and_update_players_with_score_threshold PASSED [ 31%]
player-data-fetcher/tests/test_data_fetcher_players.py::TestDataFetcherMain::test_fetch_and_update_players_week_by_week_success PASSED [ 31%]
player-data-fetcher/tests/test_data_fetcher_players.py::TestDataFetcherMain::test_fetch_and_update_players_fallback_mechanism PASSED [ 31%]
player-data-fetcher/tests/test_data_fetcher_players.py::TestDataFetcherMain::test_main_function_integration PASSED [ 31%]
player-data-fetcher/tests/test_data_fetcher_players.py::TestDataFetcherMain::test_error_handling_in_main PASSED [ 31%]
player-data-fetcher/tests/test_data_fetcher_players.py::TestDataFetcherMain::test_data_preservation_logic PASSED [ 32%]
player-data-fetcher/tests/test_data_fetcher_players.py::TestDataFetcherMain::test_concurrent_player_processing PASSED [ 32%]
player-data-fetcher/tests/test_drafted_data_loader.py::TestDraftedDataLoader::test_apply_drafted_data_defense_name_variations PASSED [ 32%]
player-data-fetcher/tests/test_drafted_data_loader.py::TestDraftedDataLoader::test_apply_drafted_data_to_players PASSED [ 32%]
player-data-fetcher/tests/test_drafted_data_loader.py::TestDraftedDataLoader::test_apply_drafted_data_to_players_disabled PASSED [ 32%]
player-data-fetcher/tests/test_drafted_data_loader.py::TestDraftedDataLoader::test_config_validation_integration PASSED [ 32%]
player-data-fetcher/tests/test_drafted_data_loader.py::TestDraftedDataLoader::test_duplicate_handling PASSED [ 32%]
player-data-fetcher/tests/test_drafted_data_loader.py::TestDraftedDataLoader::test_extract_player_components PASSED [ 32%]
player-data-fetcher/tests/test_drafted_data_loader.py::TestDraftedDataLoader::test_extract_player_components_view_news_suffix PASSED [ 32%]
player-data-fetcher/tests/test_drafted_data_loader.py::TestDraftedDataLoader::test_find_drafted_state_disabled PASSED [ 33%]
player-data-fetcher/tests/test_drafted_data_loader.py::TestDraftedDataLoader::test_find_drafted_state_exact_match PASSED [ 33%]
player-data-fetcher/tests/test_drafted_data_loader.py::TestDraftedDataLoader::test_find_drafted_state_fuzzy_match PASSED [ 33%]
player-data-fetcher/tests/test_drafted_data_loader.py::TestDraftedDataLoader::test_get_stats_empty PASSED [ 33%]
player-data-fetcher/tests/test_drafted_data_loader.py::TestDraftedDataLoader::test_load_drafted_data_disabled PASSED [ 33%]
player-data-fetcher/tests/test_drafted_data_loader.py::TestDraftedDataLoader::test_load_drafted_data_missing_file PASSED [ 33%]
player-data-fetcher/tests/test_drafted_data_loader.py::TestDraftedDataLoader::test_load_drafted_data_success PASSED [ 33%]
player-data-fetcher/tests/test_drafted_data_loader.py::TestDraftedDataLoader::test_normalize_player_info PASSED [ 33%]
player-data-fetcher/tests/test_drafted_data_loader.py::TestDraftedDataLoader::test_similarity_score PASSED [ 34%]
player-data-fetcher/tests/test_drafted_data_loader.py::TestDraftedDataLoader::test_team_abbreviation_normalization PASSED [ 34%]
player-data-fetcher/tests/test_drafted_data_loader.py::TestDraftedDataLoader::test_team_normalization_methods PASSED [ 34%]
player-data-fetcher/tests/test_dst_bye_week_handling.py::TestDSTByeWeekHandling::test_dst_bye_week_defaults_to_zero PASSED [ 34%]
player-data-fetcher/tests/test_dst_bye_week_handling.py::TestDSTByeWeekHandling::test_dst_negative_points_preserved PASSED [ 34%]
player-data-fetcher/tests/test_dst_bye_week_handling.py::TestDSTByeWeekHandling::test_non_dst_zero_points_filtered PASSED [ 34%]
player-data-fetcher/tests/test_dst_bye_week_handling.py::TestDSTByeWeekHandling::test_extract_raw_espn_week_points_dst_handling PASSED [ 34%]
player-data-fetcher/tests/test_dst_bye_week_handling.py::TestDSTByeWeekHandling::test_extract_raw_espn_week_points_nan_handling PASSED [ 34%]
player-data-fetcher/tests/test_dst_bye_week_handling.py::TestDSTByeWeekHandling::test_dst_bye_week_logging PASSED [ 34%]
player-data-fetcher/tests/test_dst_bye_week_handling.py::TestDSTByeWeekHandling::test_dst_multiple_missing_weeks PASSED [ 35%]
player-data-fetcher/tests/test_enhanced_data_collection.py::TestESPNClientEnhancedDataCollection::test_fetch_team_rankings_success PASSED [ 35%]
player-data-fetcher/tests/test_enhanced_data_collection.py::TestESPNClientEnhancedDataCollection::test_fetch_team_rankings_caching PASSED [ 35%]
player-data-fetcher/tests/test_enhanced_data_collection.py::TestESPNClientEnhancedDataCollection::test_fetch_team_rankings_error_handling PASSED [ 35%]
player-data-fetcher/tests/test_enhanced_data_collection.py::TestESPNClientEnhancedDataCollection::test_fetch_team_rankings_empty_response PASSED [ 35%]
player-data-fetcher/tests/test_enhanced_data_collection.py::TestESPNClientEnhancedDataCollection::test_parse_espn_data_with_enhanced_fields PASSED [ 35%]
player-data-fetcher/tests/test_enhanced_data_collection.py::TestESPNClientEnhancedDataCollection::test_parse_espn_data_missing_ownership_data PASSED [ 35%]
player-data-fetcher/tests/test_enhanced_data_collection.py::TestESPNClientEnhancedDataCollection::test_parse_espn_data_missing_player_rating PASSED [ 35%]
player-data-fetcher/tests/test_enhanced_data_collection.py::TestESPNClientEnhancedDataCollection::test_parse_espn_data_team_not_in_rankings PASSED [ 36%]
player-data-fetcher/tests/test_enhanced_data_collection.py::TestESPNClientEnhancedDataCollection::test_parse_espn_data_different_positions_team_assignment PASSED [ 36%]
player-data-fetcher/tests/test_enhanced_data_collection.py::TestESPNClientEnhancedDataCollection::test_espn_player_data_model_enhanced_fields PASSED [ 36%]
player-data-fetcher/tests/test_enhanced_data_collection.py::TestESPNClientEnhancedDataCollection::test_espn_player_data_model_optional_enhanced_fields PASSED [ 36%]
player-data-fetcher/tests/test_enhanced_data_collection.py::TestESPNClientEnhancedDataCollection::test_integration_with_existing_optimization_features PASSED [ 36%]
player-data-fetcher/tests/test_enhanced_data_collection.py::TestEnhancedDataCollectionPerformance::test_team_rankings_single_api_call PASSED [ 36%]
player-data-fetcher/tests/test_enhanced_data_collection.py::TestEnhancedDataCollectionPerformance::test_enhanced_data_parsing_performance 